NEPO Test Report
================

Suite: Basic Block Tests
Total Tests: 8
Passed: 8
Failed: 0
Execution Time: 697ms

Test Results:
-------------
display_text_basic: PASSED (20ms)
motor_on_basic: PASSED (110ms)
motor_stop_basic: PASSED (2ms)
wait_time_basic: PASSED (502ms)
touch_sensor_basic: PASSED (1ms)
play_tone_basic: PASSED (54ms)
repeat_times_basic: PASSED (1ms)
if_block_basic: PASSED (0ms)
