getMotor('A')
getMotor('C')
Motor A.setSpeed(216)
Motor C.setSpeed(216)
Motor A.forward()
Motor C.forward()
getMotor('A')
getMotor('C')
Motor A.setSpeed(216)
Motor C.setSpeed(216)
Motor A.forward()
Motor C.forward()
getSensor('1', 'TOUCH')
[Scenario] TouchSensor(1).setPressed(true)
getMotor('A')
getMotor('C')
Motor A.setSpeed(216)
Motor C.setSpeed(216)
Motor A.forward()
Motor C.forward()
getMotor('A')
getMotor('C')
Motor A.setSpeed(216)
Motor C.setSpeed(216)
Motor A.forward()
Motor C.forward()
getSensor('4', 'LIGHT')
[Scenario] LightSensor(4).setValue(25.0)
getMotor('A')
getMotor('C')
Motor A.setSpeed(216)
Motor C.setSpeed(216)
Motor A.forward()
Motor C.forward()
getMotor('A')
getMotor('C')
Motor A.setSpeed(216)
Motor C.setSpeed(216)
Motor A.forward()
Motor C.forward()
getSensor('1', 'TOUCH')
[Scenario] TouchSensor(1).setPressed(false)
getMotor('A')
getMotor('C')
Motor A.setSpeed(216)
Motor C.setSpeed(216)
Motor A.forward()
Motor C.forward()
getMotor('A')
getMotor('C')
Motor A.setSpeed(216)
Motor C.setSpeed(216)
Motor A.forward()
Motor C.forward()
getMotor('A')
getMotor('C')
Motor A.setSpeed(216)
Motor C.setSpeed(216)
Motor A.forward()
Motor C.forward()
getMotor('A')
getMotor('C')
Motor A.setSpeed(216)
Motor C.setSpeed(216)
Motor A.forward()
Motor C.forward()
