getMotor('A')
getMotor('C')
Motor A.setSpeed(216)
Motor C.setSpeed(216)
Motor A.forward()
Motor C.forward()
getMotor('A')
getMotor('C')
Motor A.setSpeed(216)
Motor C.setSpeed(216)
Motor A.forward()
Motor C.forward()
getMotor('A')
getMotor('C')
Motor A.setSpeed(216)
Motor C.setSpeed(216)
Motor A.forward()
Motor C.forward()
getSensor('1', 'TOUCH')
[Scenario] TouchSensor(1).setPressed(true)
getMotor('A')
getMotor('C')
Motor A.setSpeed(216)
Motor C.setSpeed(216)
Motor A.forward()
Motor C.forward()
getMotor('A')
getMotor('C')
Motor A.setSpeed(216)
Motor C.setSpeed(216)
Motor A.forward()
Motor C.forward()
getMotor('A')
getMotor('C')
Motor A.setSpeed(216)
Motor C.setSpeed(216)
Motor A.forward()
Motor C.forward()
getMotor('A')
getMotor('C')
Motor A.setSpeed(216)
Motor C.setSpeed(216)
Motor A.forward()
Motor C.forward()
getMotor('A')
getMotor('C')
Motor A.setSpeed(216)
Motor C.setSpeed(216)
Motor A.forward()
Motor C.forward()
getMotor('A')
getMotor('C')
Motor A.setSpeed(216)
Motor C.setSpeed(216)
Motor A.forward()
Motor C.forward()
getMotor('A')
getMotor('C')
Motor A.setSpeed(216)
Motor C.setSpeed(216)
Motor A.forward()
Motor C.forward()
