getMotor('A')
getMotor('C')
Motor A.setSpeed(216)
Motor C.setSpeed(216)
Motor A.forward()
Motor C.forward()
getMotor('A')
getMotor('C')
Motor A.setSpeed(216)
Motor C.setSpeed(216)
Motor A.forward()
Motor C.forward()
getSensor('1', 'TOUCH')
[Scenario] TouchSensor(1).setPressed(true)
[Iteration 2] Scenario applied: Iteration 2: touch_1=true
getMotor('A')
getMotor('C')
Motor A.setSpeed(216)
Motor C.setSpeed(216)
Motor A.forward()
Motor C.forward()
getMotor('A')
getMotor('C')
Motor A.setSpeed(216)
Motor C.setSpeed(216)
Motor A.forward()
Motor C.forward()
getSensor('4', 'LIGHT')
[Scenario] LightSensor(4).setValue(25.0)
[Iteration 4] Scenario applied: Iteration 4: light_4=25.0
getMotor('A')
getMotor('C')
Motor A.setSpeed(216)
Motor C.setSpeed(216)
Motor A.forward()
Motor C.forward()
getMotor('A')
getMotor('C')
Motor A.setSpeed(216)
Motor C.setSpeed(216)
Motor A.forward()
Motor C.forward()
getSensor('1', 'TOUCH')
[Scenario] TouchSensor(1).setPressed(false)
[Iteration 6] Scenario applied: Iteration 6: touch_1=false
getMotor('A')
getMotor('C')
Motor A.setSpeed(216)
Motor C.setSpeed(216)
Motor A.forward()
Motor C.forward()
getMotor('A')
getMotor('C')
Motor A.setSpeed(216)
Motor C.setSpeed(216)
Motor A.forward()
Motor C.forward()
getMotor('A')
getMotor('C')
Motor A.setSpeed(216)
Motor C.setSpeed(216)
Motor A.forward()
Motor C.forward()
getMotor('A')
getMotor('C')
Motor A.setSpeed(216)
Motor C.setSpeed(216)
Motor A.forward()
Motor C.forward()
[ITERATION LIMIT] Test stopped after 10 iterations (limit: 10)
